2026-08-19T17:16:58.372  INFO --- [et.reactor-1] localstack.request.aws     : AWS kms.CreateKey => 200
2026-08-19T17:20:25.310  INFO --- [et.reactor-0] localstack.request.aws     : AWS kms.Encrypt => 200
2026-08-19T17:23:28.340  INFO --- [et.reactor-1] localstack.request.aws     : AWS kms.GenerateDataKey => 200
2026-08-19T17:24:27.320  INFO --- [et.reactor-0] localstack.request.aws     : AWS kms.GenerateDataKey => 200
2026-08-19T17:32:11.994  INFO --- [et.reactor-1] localstack.request.aws     : AWS kms.CreateKey => 200
2026-08-19T17:38:26.803  INFO --- [et.reactor-1] localstack.request.aws     : AWS kms.ScheduleKeyDeletion => 200
2026-08-19T17:39:13.158  INFO --- [et.reactor-0] localstack.request.aws     : AWS kms.DisableKey => 400 (KMSInvalidStateException)
2026-08-19T17:40:15.564  INFO --- [et.reactor-1] localstack.request.aws     : AWS kms.CancelKeyDeletion => 200
2026-08-19T17:51:36.872  INFO --- [et.reactor-0] localstack.request.aws     : AWS kms.ScheduleKeyDeletion => 200
2026-08-19T17:52:00.752  INFO --- [et.reactor-1] localstack.request.aws     : AWS kms.CancelKeyDeletion => 200
2026-08-19T17:52:31.288  INFO --- [et.reactor-1] localstack.request.aws     : AWS kms.DisableKey => 200
2026-08-19T17:52:38.298  INFO --- [et.reactor-0] localstack.request.aws     : AWS kms.Decrypt => 400 (NotFoundException)
2026-08-19T17:57:23.103  INFO --- [et.reactor-0] localstack.request.aws     : AWS kms.ListKeys => 200
2026-09-02T10:59:12.030  INFO --- [et.reactor-0] localstack.request.aws     : AWS logs.CreateLogGroup => 200
2026-09-02T10:59:31.256  INFO --- [et.reactor-0] localstack.request.aws     : AWS logs.CreateLogStream => 200
2026-09-02T11:00:18.058  INFO --- [et.reactor-0] localstack.request.aws     : AWS logs.PutLogEvents => 200
2026-09-02T11:00:18.524  INFO --- [et.reactor-0] localstack.request.aws     : AWS logs.PutLogEvents => 200
2026-09-02T11:00:18.997  INFO --- [et.reactor-0] localstack.request.aws     : AWS logs.PutLogEvents => 200
2026-09-02T11:00:19.454  INFO --- [et.reactor-0] localstack.request.aws     : AWS logs.PutLogEvents => 200
2026-09-02T11:00:19.919  INFO --- [et.reactor-0] localstack.request.aws     : AWS logs.PutLogEvents => 200
2026-09-02T11:00:20.378  INFO --- [et.reactor-0] localstack.request.aws     : AWS logs.PutLogEvents => 200
2026-09-02T11:00:20.830  INFO --- [et.reactor-0] localstack.request.aws     : AWS logs.PutLogEvents => 200
2026-09-02T11:00:35.429  INFO --- [et.reactor-0] localstack.request.aws     : AWS logs.GetLogEvents => 200
2026-09-02T11:01:06.694  INFO --- [et.reactor-0] localstack.request.aws     : AWS logs.GetLogEvents => 200
2026-09-02T11:08:24.982  INFO --- [et.reactor-0] localstack.request.aws     : AWS logs.PutLogEvents => 200
2026-09-02T11:08:25.454  INFO --- [et.reactor-0] localstack.request.aws     : AWS logs.PutLogEvents => 200
2026-09-02T11:08:25.917  INFO --- [et.reactor-0] localstack.request.aws     : AWS logs.PutLogEvents => 200
2026-09-02T11:08:26.372  INFO --- [et.reactor-0] localstack.request.aws     : AWS logs.PutLogEvents => 200
2026-09-02T11:08:26.825  INFO --- [et.reactor-0] localstack.request.aws     : AWS logs.PutLogEvents => 200
2026-09-02T11:08:27.288  INFO --- [et.reactor-0] localstack.request.aws     : AWS logs.PutLogEvents => 200
2026-09-02T11:08:27.758  INFO --- [et.reactor-0] localstack.request.aws     : AWS logs.PutLogEvents => 200
2026-09-02T11:08:34.795  INFO --- [et.reactor-0] localstack.request.aws     : AWS logs.GetLogEvents => 200
2026-09-02T11:11:01.213  INFO --- [et.reactor-0] localstack.request.aws     : AWS logs.DeleteLogStream => 200
2026-09-02T11:11:01.697  INFO --- [et.reactor-0] localstack.request.aws     : AWS logs.CreateLogStream => 200
2026-09-02T11:11:43.217  INFO --- [et.reactor-0] localstack.request.aws     : AWS logs.PutLogEvents => 200
2026-09-02T11:11:43.708  INFO --- [et.reactor-0] localstack.request.aws     : AWS logs.PutLogEvents => 200
2026-09-02T11:11:44.180  INFO --- [et.reactor-0] localstack.request.aws     : AWS logs.PutLogEvents => 200
2026-09-02T11:11:44.640  INFO --- [et.reactor-0] localstack.request.aws     : AWS logs.PutLogEvents => 200
2026-09-02T11:11:45.105  INFO --- [et.reactor-0] localstack.request.aws     : AWS logs.PutLogEvents => 200
2026-09-02T11:11:45.570  INFO --- [et.reactor-0] localstack.request.aws     : AWS logs.PutLogEvents => 200
2026-09-02T11:11:46.044  INFO --- [et.reactor-0] localstack.request.aws     : AWS logs.PutLogEvents => 200
2026-09-02T11:11:53.725  INFO --- [et.reactor-0] localstack.request.aws     : AWS logs.GetLogEvents => 200
2026-09-02T11:40:54.093  INFO --- [et.reactor-0] localstack.request.aws     : AWS logs.DescribeLogGroups => 200
2026-09-06T11:17:17.073  INFO --- [et.reactor-0] localstack.request.aws     : AWS s3.CreateBucket => 200
2026-09-06T11:17:43.428  INFO --- [et.reactor-0] localstack.request.aws     : AWS s3.PutObject => 200
2026-09-06T11:44:43.351  INFO --- [et.reactor-0] localstack.request.aws     : AWS iam.ListRolePolicies => 404 (NoSuchEntity)
2026-09-06T11:50:55.160  INFO --- [et.reactor-1] localstack.request.aws     : AWS s3.PutBucketEncryption => 200
2026-09-06T11:51:01.294  INFO --- [et.reactor-1] localstack.request.aws     : AWS s3.GetBucketEncryption => 200
2026-09-06T11:52:22.544  INFO --- [et.reactor-0] localstack.request.aws     : AWS s3.GetBucketEncryption => 200
2026-09-06T11:56:45.073  INFO --- [et.reactor-0] localstack.request.aws     : AWS s3.PutObjectTagging => 200
2026-09-06T12:00:33.501  INFO --- [et.reactor-1] localstack.request.aws     : AWS s3.GetObjectTagging => 200
2026-09-06T12:01:10.280  INFO --- [et.reactor-0] localstack.request.aws     : AWS s3.GetObjectTagging => 200
2026-09-06T12:01:16.028  INFO --- [et.reactor-1] localstack.request.aws     : AWS s3.GetObjectTagging => 200
2026-09-06T12:39:56.228  INFO --- [et.reactor-2] localstack.request.aws     : AWS iam.CreateRole => 200
2026-09-06T12:40:52.781  INFO --- [et.reactor-2] localstack.request.aws     : AWS iam.CreateRole => 409 (EntityAlreadyExists)
2026-09-06T12:43:37.123  INFO --- [et.reactor-2] localstack.request.aws     : AWS iam.ListAttachedRolePolicies => 200
2026-09-06T12:43:53.800  INFO --- [et.reactor-1] localstack.request.aws     : AWS iam.DetachRolePolicy => 404 (NoSuchEntity)
2026-09-06T12:44:03.597  INFO --- [et.reactor-2] localstack.request.aws     : AWS iam.ListAttachedRolePolicies => 200
2026-09-06T12:44:18.186  INFO --- [et.reactor-1] localstack.request.aws     : AWS iam.DeleteRole => 200
2026-09-06T12:44:36.575  INFO --- [et.reactor-1] localstack.request.aws     : AWS iam.DetachRolePolicy => 404 (NoSuchEntity)
2026-09-06T12:44:50.142  INFO --- [et.reactor-2] localstack.request.aws     : AWS iam.CreateRole => 200
2026-09-06T12:47:14.662  INFO --- [et.reactor-0] localstack.request.aws     : AWS iam.PutRolePolicy => 200
2026-09-06T12:48:38.162  INFO --- [et.reactor-0] localstack.request.aws     : AWS iam.ListRolePolicies => 200
2026-09-06T13:11:38.903  INFO --- [et.reactor-1] localstack.request.aws     : AWS s3.CreateBucket => 200
2026-09-06T13:11:59.792  INFO --- [et.reactor-1] localstack.request.aws     : AWS s3.PutObject => 200
2026-09-06T13:29:43.920  INFO --- [et.reactor-1] localstack.request.aws     : AWS s3.PutBucketPolicy => 204
2026-09-06T13:30:28.298  INFO --- [et.reactor-0] localstack.request.aws     : AWS s3.GetBucketPolicy => 200
2026-09-06T13:33:18.848  INFO --- [et.reactor-1] localstack.request.aws     : AWS s3.PutPublicAccessBlock => 200
2026-09-06T13:34:05.936  INFO --- [et.reactor-2] localstack.request.aws     : AWS s3.GetPublicAccessBlock => 200
2026-09-06T13:38:14.646  INFO --- [et.reactor-1] localstack.request.aws     : AWS s3.PutBucketLifecycleConfiguration => 200
2026-09-06T13:39:10.037  INFO --- [et.reactor-2] localstack.request.aws     : AWS s3.PutBucketLifecycleConfiguration => 200
2026-09-06T13:40:02.603  INFO --- [et.reactor-2] localstack.request.aws     : AWS s3.GetBucketLifecycleConfiguration => 200
2026-09-06T13:47:45.739  INFO --- [et.reactor-1] localstack.request.aws     : AWS iam.ListRolePolicies => 200
2026-09-06T13:47:46.215  INFO --- [et.reactor-0] localstack.request.aws     : AWS s3.GetBucketPolicy => 200
2026-09-06T13:47:46.692  INFO --- [et.reactor-0] localstack.request.aws     : AWS s3.GetBucketEncryption => 200
2026-09-06T13:47:47.166  INFO --- [et.reactor-2] localstack.request.aws     : AWS s3.GetObjectTagging => 200
2026-09-06T13:47:47.674  INFO --- [et.reactor-0] localstack.request.aws     : AWS s3.PutObject => 200
2026-09-06T13:47:48.154  INFO --- [et.reactor-2] localstack.request.aws     : AWS s3.GetPublicAccessBlock => 200
2026-09-06T13:47:48.626  INFO --- [et.reactor-0] localstack.request.aws     : AWS s3.GetBucketLifecycleConfiguration => 200
2026-09-07T15:16:14.297  INFO --- [et.reactor-0] localstack.request.aws     : AWS iam.GetRolePolicy => 404 (NoSuchEntity)
2026-09-07T15:24:43.338  INFO --- [et.reactor-0] localstack.request.aws     : AWS s3.CreateBucket => 200
2026-09-07T15:24:43.809  INFO --- [et.reactor-0] localstack.request.aws     : AWS s3.CreateBucket => 200
2026-09-07T15:24:44.299  INFO --- [et.reactor-0] localstack.request.aws     : AWS s3.PutObject => 200
2026-09-07T15:24:44.770  INFO --- [et.reactor-0] localstack.request.aws     : AWS s3.PutBucketEncryption => 200
2026-09-07T15:24:45.226  INFO --- [et.reactor-0] localstack.request.aws     : AWS s3.PutObjectTagging => 200
2026-09-07T15:24:45.683  INFO --- [et.reactor-0] localstack.request.aws     : AWS iam.CreateRole => 200
2026-09-07T15:24:52.828  INFO --- [et.reactor-0] localstack.request.aws     : AWS iam.PutRolePolicy => 200
2026-09-07T15:24:53.285  INFO --- [et.reactor-0] localstack.request.aws     : AWS s3.PutBucketPolicy => 204
2026-09-07T15:24:53.740  INFO --- [et.reactor-0] localstack.request.aws     : AWS s3.PutPublicAccessBlock => 200
2026-09-07T15:24:54.202  INFO --- [et.reactor-0] localstack.request.aws     : AWS s3.PutBucketLifecycleConfiguration => 200
2026-09-07T15:30:55.344  INFO --- [et.reactor-0] localstack.request.aws     : AWS iam.GetRolePolicy => 200
2026-09-07T18:49:30.942  INFO --- [et.reactor-0] localstack.request.aws     : AWS s3.CreateBucket => 200
2026-09-07T18:49:31.408  INFO --- [et.reactor-0] localstack.request.aws     : AWS s3.CreateBucket => 200
2026-09-07T18:49:31.906  INFO --- [et.reactor-0] localstack.request.aws     : AWS s3.PutObject => 200
2026-09-07T18:49:32.383  INFO --- [et.reactor-0] localstack.request.aws     : AWS s3.PutBucketEncryption => 200
2026-09-07T18:49:32.856  INFO --- [et.reactor-0] localstack.request.aws     : AWS s3.PutObjectTagging => 200
2026-09-07T18:49:33.473  INFO --- [et.reactor-0] localstack.request.aws     : AWS iam.CreateRole => 200
2026-09-07T18:52:15.973  INFO --- [et.reactor-0] localstack.request.aws     : AWS iam.PutRolePolicy => 200
2026-09-07T18:52:16.430  INFO --- [et.reactor-0] localstack.request.aws     : AWS s3.PutBucketPolicy => 204
2026-09-07T18:52:16.896  INFO --- [et.reactor-0] localstack.request.aws     : AWS s3.PutPublicAccessBlock => 200
2026-09-07T18:52:17.355  INFO --- [et.reactor-0] localstack.request.aws     : AWS s3.PutBucketLifecycleConfiguration => 200
2026-09-07T18:52:25.066  INFO --- [et.reactor-0] localstack.request.aws     : AWS iam.GetRolePolicy => 200
2026-09-07T18:52:25.530  INFO --- [et.reactor-0] localstack.request.aws     : AWS s3.GetBucketPolicy => 200
2026-09-07T18:52:25.992  INFO --- [et.reactor-0] localstack.request.aws     : AWS s3.GetBucketEncryption => 200
2026-09-07T18:52:26.457  INFO --- [et.reactor-0] localstack.request.aws     : AWS s3.GetObjectTagging => 200
